// Jest Snapshot v1, https://goo.gl/fbAQLP

exports[`App component renders App 1`] = `
<ContextProvider
  value={
    Object {
      "characters": Array [],
      "fireIce": "fire",
      "page": 6,
      "toggle": [Function],
      "updatePage": [Function],
    }
  }
>
  <App />
</ContextProvider>
`;
